// Jest Snapshot v1, https://goo.gl/fbAQLP

exports[`CreateBeneficiaryScreen renders correctly 1`] = `
<View
  style={
    {
      "alignItems": "center",
      "flex": 1,
      "justifyContent": "center",
    }
  }
>
  <View
    style={
      {
        "alignItems": "center",
        "borderRadius": 5,
        "flexDirection": "row",
      }
    }
  >
    <TextInput
      maxLength={50}
      onChangeText={[Function]}
      placeholder="Enter first name"
      style={
        {
          "backgroundColor": "#fff",
          "borderColor": "#ddd",
          "borderRadius": 10,
          "borderWidth": 1,
          "elevation": 2,
          "height": 50,
          "marginBottom": 15,
          "marginVertical": 8,
          "paddingHorizontal": 10,
          "shadowColor": "#000",
          "shadowOffset": {
            "height": 2,
            "width": 0,
          },
          "shadowOpacity": 0.1,
          "shadowRadius": 5,
          "width": "80%",
        }
      }
      testID="textinput_firstname"
      value=""
    />
    <View>
      <Image
        source={
          {
            "uri": "https://cdn-icons-png.flaticon.com/512/149/149071.png",
          }
        }
        style={
          {
            "height": 20,
            "position": "absolute",
            "right": 12,
            "top": -12,
            "width": 20,
          }
        }
      />
    </View>
  </View>
  <View
    style={
      {
        "alignItems": "center",
        "borderRadius": 5,
        "flexDirection": "row",
      }
    }
  >
    <TextInput
      maxLength={50}
      onChangeText={[Function]}
      placeholder="Enter last name"
      style={
        {
          "backgroundColor": "#fff",
          "borderColor": "#ddd",
          "borderRadius": 10,
          "borderWidth": 1,
          "elevation": 2,
          "height": 50,
          "marginBottom": 15,
          "marginVertical": 8,
          "paddingHorizontal": 10,
          "shadowColor": "#000",
          "shadowOffset": {
            "height": 2,
            "width": 0,
          },
          "shadowOpacity": 0.1,
          "shadowRadius": 5,
          "width": "80%",
        }
      }
      testID="textinput_lastname"
      value=""
    />
    <View>
      <Image
        source={
          {
            "uri": "https://cdn-icons-png.flaticon.com/512/149/149071.png",
          }
        }
        style={
          {
            "height": 20,
            "position": "absolute",
            "right": 12,
            "top": -12,
            "width": 20,
          }
        }
      />
    </View>
  </View>
  <View
    style={
      {
        "alignItems": "center",
        "borderRadius": 5,
        "flexDirection": "row",
      }
    }
  >
    <TextInput
      maxLength={34}
      onChangeText={[Function]}
      placeholder="Enter IBAN number"
      style={
        {
          "backgroundColor": "#fff",
          "borderColor": "#ddd",
          "borderRadius": 10,
          "borderWidth": 1,
          "elevation": 2,
          "height": 50,
          "marginBottom": 15,
          "marginVertical": 8,
          "paddingHorizontal": 10,
          "shadowColor": "#000",
          "shadowOffset": {
            "height": 2,
            "width": 0,
          },
          "shadowOpacity": 0.1,
          "shadowRadius": 5,
          "width": "80%",
        }
      }
      testID="textinput_iban"
      value=""
    />
    <View>
      <Image
        source={
          {
            "uri": "https://cdn-icons-png.flaticon.com/512/4930/4930340.png",
          }
        }
        style={
          {
            "height": 20,
            "position": "absolute",
            "right": 12,
            "top": -12,
            "width": 20,
          }
        }
      />
    </View>
  </View>
  <View
    accessibilityState={
      {
        "busy": undefined,
        "checked": undefined,
        "disabled": undefined,
        "expanded": undefined,
        "selected": undefined,
      }
    }
    accessibilityValue={
      {
        "max": undefined,
        "min": undefined,
        "now": undefined,
        "text": undefined,
      }
    }
    accessible={true}
    collapsable={false}
    focusable={true}
    onClick={[Function]}
    onResponderGrant={[Function]}
    onResponderMove={[Function]}
    onResponderRelease={[Function]}
    onResponderTerminate={[Function]}
    onResponderTerminationRequest={[Function]}
    onStartShouldSetResponder={[Function]}
    style={
      {
        "alignItems": "center",
        "backgroundColor": "#4CAF50",
        "borderRadius": 12,
        "elevation": 2,
        "marginVertical": 12,
        "opacity": 1,
        "padding": 12,
        "shadowColor": "#000",
        "shadowOffset": {
          "height": 2,
          "width": 0,
        },
        "shadowOpacity": 0.1,
        "shadowRadius": 5,
      }
    }
  >
    <Text
      style={
        {
          "color": "#fff",
          "fontSize": 16,
          "fontWeight": "bold",
        }
      }
    >
      Create beneficiary
    </Text>
  </View>
</View>
`;
