// Jest Snapshot v1, https://goo.gl/fbAQLP

exports[`CommonTextInput should render correctly 1`] = `
<TextInput
  style={
    {
      "backgroundColor": "#fff",
      "borderColor": "#ddd",
      "borderRadius": 10,
      "borderWidth": 1,
      "elevation": 2,
      "height": 50,
      "marginBottom": 15,
      "marginVertical": 8,
      "paddingHorizontal": 10,
      "shadowColor": "#000",
      "shadowOffset": {
        "height": 2,
        "width": 0,
      },
      "shadowOpacity": 0.1,
      "shadowRadius": 5,
      "width": "80%",
    }
  }
/>
`;
